[36mvite v7.3.1 [32mbuilding client environment for production...[36m[39m
transforming...
[32mΓ£ô[39m 1861 modules transformed.
node.exe : [31mΓ£ù[39m Build failed in 
2.89s
At line:1 char:1
+ & "C:\Program Files\nodejs/node.exe" 
"C:\Users\Bhaga\AppData\Roaming\ ...
+ ~~~~~~~~~~~~~~~~~~~~~~~~~~~~~~~~~~~~~~~
~~~~~~~~~~~~~~~~~~~~~~~~~~~~~~
    + CategoryInfo          : NotSpecifi 
   ed: ([31mΓ£ù[39m Build failed in 2  
  .89s:String) [], RemoteException
    + FullyQualifiedErrorId : NativeComm 
   andError
 
[31merror during build:
[31msrc/App.jsx (8:18): "getClasses" is 
not exported by "src/api/apiClient.js", 
imported by "src/App.jsx".[31m
file: [36mC:/Users/Bhaga/OneDrive/Deskto
p/OSS/StarterProject/client/src/App.jsx:8
:18[31m
[33m
6: import Navbar from 
'./components/layout/Navbar'
7: import { CommandPalette, 
useCommandPalette } from 
'./components/layout/CommandPalette'
8: import { getUser, getClasses, logout 
} from './api/apiClient'
                     ^
9: import { useTheme } from 
"@/components/providers/theme-provider"
[31m
    at getRollupError (file:///C:/Users/B
haga/OneDrive/Desktop/OSS/StarterProject/
client/node_modules/rollup/dist/es/shared
/parseAst.js:401:41)
    at error (file:///C:/Users/Bhaga/OneD
rive/Desktop/OSS/StarterProject/client/no
de_modules/rollup/dist/es/shared/parseAst
.js:397:42)
    at Module.error (file:///C:/Users/Bha
ga/OneDrive/Desktop/OSS/StarterProject/cl
ient/node_modules/rollup/dist/es/shared/n
ode-entry.js:17022:16)
    at Module.traceVariable (file:///C:/U
sers/Bhaga/OneDrive/Desktop/OSS/StarterPr
oject/client/node_modules/rollup/dist/es/
shared/node-entry.js:17478:29)
    at ModuleScope.findVariable (file:///
C:/Users/Bhaga/OneDrive/Desktop/OSS/Start
erProject/client/node_modules/rollup/dist
/es/shared/node-entry.js:15141:39)
    at FunctionScope.findVariable (file:/
//C:/Users/Bhaga/OneDrive/Desktop/OSS/Sta
rterProject/client/node_modules/rollup/di
st/es/shared/node-entry.js:5688:38)
    at FunctionBodyScope.findVariable (fi
le:///C:/Users/Bhaga/OneDrive/Desktop/OSS
/StarterProject/client/node_modules/rollu
p/dist/es/shared/node-entry.js:5688:38)
    at ReturnValueScope.findVariable (fil
e:///C:/Users/Bhaga/OneDrive/Desktop/OSS/
StarterProject/client/node_modules/rollup
/dist/es/shared/node-entry.js:5688:38)
    at FunctionBodyScope.findVariable (fi
le:///C:/Users/Bhaga/OneDrive/Desktop/OSS
/StarterProject/client/node_modules/rollu
p/dist/es/shared/node-entry.js:5688:38)
    at Identifier.bind (file:///C:/Users/
Bhaga/OneDrive/Desktop/OSS/StarterProject
/client/node_modules/rollup/dist/es/share
d/node-entry.js:5462:40)[39m
